main.c:136:5:main	8	static
main.c:221:6:SystemClock_Config	88	static
main.c:271:13:MX_CAN1_Init	48	static
main.c:321:13:MX_I2C1_Init	8	static
main.c:367:13:MX_I2C2_Init	8	static
main.c:413:13:MX_UART7_Init	8	static
main.c:444:13:MX_DMA_Init	16	static
main.c:465:13:MX_GPIO_Init	56	static
main.c:500:6:HAL_UART_RxCpltCallback	16	static
main.c:508:6:HAL_UART_RxHalfCpltCallback	16	static
main.c:513:6:UART_IDLECallback	16	static
main.c:518:6:UART_Data_Process	16	static
main.c:534:6:HAL_TIM_PeriodElapsedCallback	16	static
main.c:551:6:Error_Handler	4	static,ignoring_inline_asm
